// Jest Snapshot v1, https://goo.gl/fbAQLP

exports[`ComicsHeader Render SnapShot 1`] = `
<div
  className="header"
>
  <div
    className="col-3"
  >
    <input
      onChange={[Function]}
      placeholder="Search Comics"
      value="spiderman"
    />
    <span
      className="focus-bg"
    />
  </div>
  <a
    href="/"
    onClick={[Function]}
  >
    <img
      alt="logo"
      src="../img/logo.svg"
    />
  </a>
</div>
`;
